* using log directory ‘/home/pacha/Documents/tinyroxygen/tinyroxygen.Rcheck’
* using R version 4.6.1 (2026-06-24)
* using platform: x86_64-pc-linux-gnu
* R was compiled by
    gcc (GCC) 16.1.1 20260430
    GNU Fortran (GCC) 16.1.1 20260430
* running under: Manjaro Linux
* using session charset: UTF-8
* current time: 2026-07-28 11:59:11 UTC
* checking for file ‘tinyroxygen/DESCRIPTION’ ... OK
* this is package ‘tinyroxygen’ version ‘0.1’
* package encoding: UTF-8
* checking package namespace information ... OK
* checking package dependencies ... OK
* checking if this is a source package ... OK
* checking if there is a namespace ... OK
* checking for executable files ... OK
* checking for hidden files and directories ... OK
* checking for portable file names ... OK
* checking for sufficient/correct file permissions ... OK
* checking whether package ‘tinyroxygen’ can be installed ... OK
* used C compiler: ‘gcc (GCC) 16.1.1 20260625’
* checking installed package size ... OK
* checking package directory ... OK
* checking DESCRIPTION meta-information ... OK
* checking top-level files ... OK
* checking for left-over files ... OK
* checking index information ... OK
* checking package subdirectories ... OK
* checking code files for non-ASCII characters ... OK
* checking R files for syntax errors ... OK
* checking whether the package can be loaded ... OK
* checking whether the package can be loaded with stated dependencies ... OK
* checking whether the package can be unloaded cleanly ... OK
* checking whether the namespace can be loaded with stated dependencies ... OK
* checking whether the namespace can be unloaded cleanly ... OK
* checking loading without being on the library search path ... OK
* checking dependencies in R code ... OK
* checking S3 generic/method consistency ... OK
* checking replacement functions ... OK
* checking foreign function calls ... OK
* checking R code for possible problems ... OK
* checking Rd files ... OK
* checking Rd metadata ... OK
* checking Rd cross-references ... OK
* checking for missing documentation entries ... OK
* checking for code/documentation mismatches ... OK
* checking Rd \usage sections ... OK
* checking Rd contents ... OK
* checking for unstated dependencies in examples ... OK
* checking line endings in shell scripts ... OK
* checking line endings in C/C++/Fortran sources/headers ... OK
* checking line endings in Makefiles ... OK
* checking compilation flags in Makevars ... OK
* checking for GNU extensions in Makefiles ... OK
* checking for portable use of $(BLAS_LIBS) and $(LAPACK_LIBS) ... OK
* checking use of PKG_*FLAGS in Makefiles ... OK
* checking compiled code ... OK
* checking examples ... OK
* checking for unstated dependencies in ‘tests’ ... OK
* checking tests ... OK
  Running ‘test-family.R’
  Running ‘test-integration.R’
  Running ‘test-markdown.R’
  Running ‘test-namespace-export.R’
  Running ‘test-namespace-s3method.R’
  Running ‘test-param.R’
  Running ‘test-parse-tags.R’
  Running ‘test-title-description.R’
* checking PDF version of manual ... OK
* DONE
Status: OK
